# Licensed to the Apache Software Foundation (ASF) under one or more
# contributor license agreements.  See the NOTICE file distributed with
# this work for additional information regarding copyright ownership.
# The ASF licenses this file to You under the Apache License, Version 2.0
# (the "License"); you may not use this file except in compliance with
# the License.  You may obtain a copy of the License at
#
#     http://www.apache.org/licenses/LICENSE-2.0
#
# Unless required by applicable law or agreed to in writing, software
# distributed under the License is distributed on an "AS IS" BASIS,
# WITHOUT WARRANTIES OR CONDITIONS OF ANY KIND, either express or implied.
# See the License for the specific language governing permissions and
# limitations under the License.

msgs:
  {{- contains .msgs }}
  - starttime: {{ gt .starttime 0 }}
    scope: Service
    id: ZTJlLXNlcnZpY2UtcHJvdmlkZXI=.1
    message: Percentile response time of service e2e-service-provider alarm in 3 minutes of last 10 minutes, due to more than one condition of p50 > 10, p75 > 10, p90 > 10, p95 > 10, p99 > 10.
    tags:
      - key: level
        value: WARNING
      - key: receivers
        value: lisi
    events:
      {{- contains .events }}
      - uuid: {{ notEmpty .uuid }}
        source:
          service: e2e-service-provider
          serviceinstance: ""
          endpoint: ""
        name: Alarm
        type: ""
        message: {{ notEmpty .message }}
        parameters: []
        starttime: {{ gt .starttime 0 }}
        endtime: {{ gt .endtime 0 }}
        layer: GENERAL
      {{- end }}
  - starttime: {{ gt .starttime 0 }}
    scope: Service
    id: ZTJlLXNlcnZpY2UtcHJvdmlkZXI=.1
    message: Response time of service e2e-service-provider is more than 10ms in 1 minutes of last 10 minutes.
    tags:
      - key: level
        value: WARNING
      - key: receivers
        value: lisi
    events:
      {{- contains .events }}
      - uuid: {{ notEmpty .uuid}}
        source:
          service: e2e-service-provider
          serviceinstance: ""
          endpoint: ""
        name: Alarm
        type: ""
        message: {{ notEmpty .message}}
        parameters: []
        starttime: {{ gt .starttime 0 }}
        endtime: {{ gt .endtime 0 }}
        layer: GENERAL
      {{- end }}
  {{- end }}
